// Jest Snapshot v1, https://goo.gl/fbAQLP

exports[`renders correctly 1`] = `
<header
  className="header"
>
  <div>
    <button
      className="logoButton"
      onClick={[Function]}
      type="button"
    >
      <h1>
        <img
          alt="logo"
          className="app-logo"
          src="cryptocurrencies.png"
        />
      </h1>
    </button>
  </div>
  <h1 />
</header>
`;
